// Jest Snapshot v1, https://goo.gl/fbAQLP

exports[`AetherPool gas tests fee is off #burn above current price burn entire position after some time passes 1`] = `58703`;

exports[`AetherPool gas tests fee is off #burn above current price burn when only position using ticks 1`] = `58703`;

exports[`AetherPool gas tests fee is off #burn above current price entire position burn but other positions are using the ticks 1`] = `82740`;

exports[`AetherPool gas tests fee is off #burn above current price partial position burn 1`] = `97740`;

exports[`AetherPool gas tests fee is off #burn around current price burn entire position after some time passes 1`] = `69498`;

exports[`AetherPool gas tests fee is off #burn around current price burn when only position using ticks 1`] = `66309`;

exports[`AetherPool gas tests fee is off #burn around current price entire position burn but other positions are using the ticks 1`] = `87551`;

exports[`AetherPool gas tests fee is off #burn around current price partial position burn 1`] = `102551`;

exports[`AetherPool gas tests fee is off #burn below current price burn entire position after some time passes 1`] = `64624`;

exports[`AetherPool gas tests fee is off #burn below current price burn when only position using ticks 1`] = `64624`;

exports[`AetherPool gas tests fee is off #burn below current price entire position burn but other positions are using the ticks 1`] = `83381`;

exports[`AetherPool gas tests fee is off #burn below current price partial position burn 1`] = `98381`;

exports[`AetherPool gas tests fee is off #collect close to worst case 1`] = `35816`;

exports[`AetherPool gas tests fee is off #increaseObservationCardinalityNext grow by 1 slot 1`] = `51098`;

exports[`AetherPool gas tests fee is off #increaseObservationCardinalityNext no op 1`] = `24677`;

exports[`AetherPool gas tests fee is off #mint above current price add to position after some time passes 1`] = `109319`;

exports[`AetherPool gas tests fee is off #mint above current price add to position existing 1`] = `109319`;

exports[`AetherPool gas tests fee is off #mint above current price new position mint first in range 1`] = `227993`;

exports[`AetherPool gas tests fee is off #mint above current price second position in same range 1`] = `126419`;

exports[`AetherPool gas tests fee is off #mint around current price add to position after some time passes 1`] = `147686`;

exports[`AetherPool gas tests fee is off #mint around current price add to position existing 1`] = `138507`;

exports[`AetherPool gas tests fee is off #mint around current price new position mint first in range 1`] = `328816`;

exports[`AetherPool gas tests fee is off #mint around current price second position in same range 1`] = `155607`;

exports[`AetherPool gas tests fee is off #mint below current price add to position after some time passes 1`] = `109911`;

exports[`AetherPool gas tests fee is off #mint below current price add to position existing 1`] = `109911`;

exports[`AetherPool gas tests fee is off #mint below current price new position mint first in range 1`] = `309697`;

exports[`AetherPool gas tests fee is off #mint below current price second position in same range 1`] = `127011`;

exports[`AetherPool gas tests fee is off #poke best case 1`] = `52006`;

exports[`AetherPool gas tests fee is off #snapshotCumulativesInside tick above 1`] = `29643`;

exports[`AetherPool gas tests fee is off #snapshotCumulativesInside tick below 1`] = `29605`;

exports[`AetherPool gas tests fee is off #snapshotCumulativesInside tick inside 1`] = `37053`;

exports[`AetherPool gas tests fee is off #swapExact0For1 first swap in block moves tick, no initialized crossings 1`] = `114892`;

exports[`AetherPool gas tests fee is off #swapExact0For1 first swap in block with no tick movement 1`] = `99038`;

exports[`AetherPool gas tests fee is off #swapExact0For1 first swap in block, large swap crossing a single initialized tick 1`] = `129905`;

exports[`AetherPool gas tests fee is off #swapExact0For1 first swap in block, large swap crossing several initialized ticks 1`] = `152740`;

exports[`AetherPool gas tests fee is off #swapExact0For1 first swap in block, large swap, no initialized crossings 1`] = `129503`;

exports[`AetherPool gas tests fee is off #swapExact0For1 large swap crossing several initialized ticks after some time passes 1`] = `152740`;

exports[`AetherPool gas tests fee is off #swapExact0For1 large swap crossing several initialized ticks second time after some time passes 1`] = `212740`;

exports[`AetherPool gas tests fee is off #swapExact0For1 second swap in block moves tick, no initialized crossings 1`] = `114892`;

exports[`AetherPool gas tests fee is off #swapExact0For1 second swap in block with no tick movement 1`] = `99149`;

exports[`AetherPool gas tests fee is off #swapExact0For1 second swap in block, large swap crossing a single initialized tick 1`] = `116488`;

exports[`AetherPool gas tests fee is off #swapExact0For1 second swap in block, large swap crossing several initialized ticks 1`] = `139301`;

exports[`AetherPool gas tests fee is on #burn above current price burn entire position after some time passes 1`] = `58703`;

exports[`AetherPool gas tests fee is on #burn above current price burn when only position using ticks 1`] = `58703`;

exports[`AetherPool gas tests fee is on #burn above current price entire position burn but other positions are using the ticks 1`] = `82740`;

exports[`AetherPool gas tests fee is on #burn above current price partial position burn 1`] = `97740`;

exports[`AetherPool gas tests fee is on #burn around current price burn entire position after some time passes 1`] = `69498`;

exports[`AetherPool gas tests fee is on #burn around current price burn when only position using ticks 1`] = `66309`;

exports[`AetherPool gas tests fee is on #burn around current price entire position burn but other positions are using the ticks 1`] = `87551`;

exports[`AetherPool gas tests fee is on #burn around current price partial position burn 1`] = `102551`;

exports[`AetherPool gas tests fee is on #burn below current price burn entire position after some time passes 1`] = `64624`;

exports[`AetherPool gas tests fee is on #burn below current price burn when only position using ticks 1`] = `64624`;

exports[`AetherPool gas tests fee is on #burn below current price entire position burn but other positions are using the ticks 1`] = `83381`;

exports[`AetherPool gas tests fee is on #burn below current price partial position burn 1`] = `98381`;

exports[`AetherPool gas tests fee is on #collect close to worst case 1`] = `35816`;

exports[`AetherPool gas tests fee is on #increaseObservationCardinalityNext grow by 1 slot 1`] = `51098`;

exports[`AetherPool gas tests fee is on #increaseObservationCardinalityNext no op 1`] = `24677`;

exports[`AetherPool gas tests fee is on #mint above current price add to position after some time passes 1`] = `109307`;

exports[`AetherPool gas tests fee is on #mint above current price add to position existing 1`] = `109307`;

exports[`AetherPool gas tests fee is on #mint above current price new position mint first in range 1`] = `227981`;

exports[`AetherPool gas tests fee is on #mint above current price second position in same range 1`] = `126407`;

exports[`AetherPool gas tests fee is on #mint around current price add to position after some time passes 1`] = `147674`;

exports[`AetherPool gas tests fee is on #mint around current price add to position existing 1`] = `138495`;

exports[`AetherPool gas tests fee is on #mint around current price new position mint first in range 1`] = `328804`;

exports[`AetherPool gas tests fee is on #mint around current price second position in same range 1`] = `155595`;

exports[`AetherPool gas tests fee is on #mint below current price add to position after some time passes 1`] = `109899`;

exports[`AetherPool gas tests fee is on #mint below current price add to position existing 1`] = `109899`;

exports[`AetherPool gas tests fee is on #mint below current price new position mint first in range 1`] = `309685`;

exports[`AetherPool gas tests fee is on #mint below current price second position in same range 1`] = `126999`;

exports[`AetherPool gas tests fee is on #poke best case 1`] = `52006`;

exports[`AetherPool gas tests fee is on #snapshotCumulativesInside tick above 1`] = `29643`;

exports[`AetherPool gas tests fee is on #snapshotCumulativesInside tick below 1`] = `29605`;

exports[`AetherPool gas tests fee is on #snapshotCumulativesInside tick inside 1`] = `37053`;

exports[`AetherPool gas tests fee is on #swapExact0For1 first swap in block moves tick, no initialized crossings 1`] = `120267`;

exports[`AetherPool gas tests fee is on #swapExact0For1 first swap in block with no tick movement 1`] = `104266`;

exports[`AetherPool gas tests fee is on #swapExact0For1 first swap in block, large swap crossing a single initialized tick 1`] = `135427`;

exports[`AetherPool gas tests fee is on #swapExact0For1 first swap in block, large swap crossing several initialized ticks 1`] = `158703`;

exports[`AetherPool gas tests fee is on #swapExact0For1 first swap in block, large swap, no initialized crossings 1`] = `135172`;

exports[`AetherPool gas tests fee is on #swapExact0For1 large swap crossing several initialized ticks after some time passes 1`] = `158703`;

exports[`AetherPool gas tests fee is on #swapExact0For1 large swap crossing several initialized ticks second time after some time passes 1`] = `218703`;

exports[`AetherPool gas tests fee is on #swapExact0For1 second swap in block moves tick, no initialized crossings 1`] = `120267`;

exports[`AetherPool gas tests fee is on #swapExact0For1 second swap in block with no tick movement 1`] = `104377`;

exports[`AetherPool gas tests fee is on #swapExact0For1 second swap in block, large swap crossing a single initialized tick 1`] = `121863`;

exports[`AetherPool gas tests fee is on #swapExact0For1 second swap in block, large swap crossing several initialized ticks 1`] = `145117`;
