// Jest Snapshot v1, https://goo.gl/fbAQLP

exports[`AetherFactory #createPool gas 1`] = `4557092`;

exports[`AetherFactory factory bytecode size 1`] = `24535`;

exports[`AetherFactory pool bytecode size 1`] = `22142`;
